=== rtl_16_1_101_0.log ===
RESULT 16 1 101 0 512 512 0 513 1 1 512 0 0 511 0 3 514 1
tb/tb.sv:97: $finish called at 5155000 (1ps)

=== rtl_16_1_101_1.log ===
RESULT 16 1 101 1 512 512 0 848 1 5 678 141 166 410 0 26 849 9
tb/tb.sv:97: $finish called at 8505000 (1ps)

=== rtl_16_1_101_2.log ===
RESULT 16 1 101 2 512 511 1 873 1 8 686 157 185 406 1 31 874 22
tb/tb.sv:97: $finish called at 8755000 (1ps)

=== rtl_16_1_31_0.log ===
RESULT 16 1 31 0 512 512 0 513 1 1 512 0 0 511 0 3 514 1
tb/tb.sv:97: $finish called at 5155000 (1ps)

=== rtl_16_1_31_1.log ===
RESULT 16 1 31 1 512 512 0 845 1 5 670 134 158 405 0 27 846 8
tb/tb.sv:97: $finish called at 8475000 (1ps)

=== rtl_16_1_31_2.log ===
RESULT 16 1 31 2 512 511 1 859 1 10 676 152 175 405 1 31 860 24
tb/tb.sv:97: $finish called at 8615000 (1ps)

=== rtl_16_1_7_0.log ===
RESULT 16 1 7 0 512 512 0 513 1 1 512 0 0 511 0 3 514 1
tb/tb.sv:97: $finish called at 5155000 (1ps)

=== rtl_16_1_7_1.log ===
RESULT 16 1 7 1 512 512 0 847 1 5 670 134 158 405 0 29 848 8
tb/tb.sv:97: $finish called at 8495000 (1ps)

=== rtl_16_1_7_2.log ===
RESULT 16 1 7 2 512 511 1 861 1 9 675 148 174 405 1 31 862 22
tb/tb.sv:97: $finish called at 8635000 (1ps)

=== rtl_16_2_101_0.log ===
RESULT 16 2 101 0 512 512 0 514 2 2 1024 0 0 510 0 4 515 1
tb/tb.sv:97: $finish called at 5165000 (1ps)

=== rtl_16_2_101_1.log ===
RESULT 16 2 101 1 512 512 0 835 2 8 1365 130 185 402 0 27 836 9
tb/tb.sv:97: $finish called at 8375000 (1ps)

=== rtl_16_2_101_2.log ===
RESULT 16 2 101 2 512 510 2 858 2 8 1367 142 199 396 1 31 859 22
tb/tb.sv:97: $finish called at 8605000 (1ps)

=== rtl_16_2_31_0.log ===
RESULT 16 2 31 0 512 512 0 514 2 2 1024 0 0 510 0 4 515 1
tb/tb.sv:97: $finish called at 5165000 (1ps)

=== rtl_16_2_31_1.log ===
RESULT 16 2 31 1 512 512 0 838 2 7 1346 124 173 400 0 28 839 8
tb/tb.sv:97: $finish called at 8405000 (1ps)

=== rtl_16_2_31_2.log ===
RESULT 16 2 31 2 512 510 2 845 2 10 1347 136 184 402 1 31 846 23
tb/tb.sv:97: $finish called at 8475000 (1ps)

=== rtl_16_2_7_0.log ===
RESULT 16 2 7 0 512 512 0 514 2 2 1024 0 0 510 0 4 515 1
tb/tb.sv:97: $finish called at 5165000 (1ps)

=== rtl_16_2_7_1.log ===
RESULT 16 2 7 1 512 512 0 840 2 7 1346 124 173 400 0 30 841 8
tb/tb.sv:97: $finish called at 8425000 (1ps)

=== rtl_16_2_7_2.log ===
RESULT 16 2 7 2 512 510 2 850 2 10 1346 134 186 401 1 31 851 22
tb/tb.sv:97: $finish called at 8525000 (1ps)

=== rtl_1_1_101_0.log ===
RESULT 1 1 101 0 512 512 0 513 1 1 512 0 0 511 0 3 514 1
tb/tb.sv:97: $finish called at 5155000 (1ps)

=== rtl_1_1_101_1.log ===
RESULT 1 1 101 1 512 512 0 848 1 5 678 141 166 410 0 26 849 9
tb/tb.sv:97: $finish called at 8505000 (1ps)

=== rtl_1_1_101_2.log ===
RESULT 1 1 101 2 512 511 1 873 1 8 686 157 185 406 1 31 874 22
tb/tb.sv:97: $finish called at 8755000 (1ps)

=== rtl_1_1_31_0.log ===
RESULT 1 1 31 0 512 512 0 513 1 1 512 0 0 511 0 3 514 1
tb/tb.sv:97: $finish called at 5155000 (1ps)

=== rtl_1_1_31_1.log ===
RESULT 1 1 31 1 512 512 0 845 1 5 670 134 158 405 0 27 846 8
tb/tb.sv:97: $finish called at 8475000 (1ps)

=== rtl_1_1_31_2.log ===
RESULT 1 1 31 2 512 511 1 859 1 10 676 152 175 405 1 31 860 24
tb/tb.sv:97: $finish called at 8615000 (1ps)

=== rtl_1_1_7_0.log ===
RESULT 1 1 7 0 512 512 0 513 1 1 512 0 0 511 0 3 514 1
tb/tb.sv:97: $finish called at 5155000 (1ps)

=== rtl_1_1_7_1.log ===
RESULT 1 1 7 1 512 512 0 847 1 5 670 134 158 405 0 29 848 8
tb/tb.sv:97: $finish called at 8495000 (1ps)

=== rtl_1_1_7_2.log ===
RESULT 1 1 7 2 512 511 1 861 1 9 675 148 174 405 1 31 862 22
tb/tb.sv:97: $finish called at 8635000 (1ps)

=== rtl_1_2_101_0.log ===
RESULT 1 2 101 0 512 512 0 514 2 2 1024 0 0 510 0 4 515 1
tb/tb.sv:97: $finish called at 5165000 (1ps)

=== rtl_1_2_101_1.log ===
RESULT 1 2 101 1 512 512 0 835 2 8 1365 130 185 402 0 27 836 9
tb/tb.sv:97: $finish called at 8375000 (1ps)

=== rtl_1_2_101_2.log ===
RESULT 1 2 101 2 512 510 2 858 2 8 1367 142 199 396 1 31 859 22
tb/tb.sv:97: $finish called at 8605000 (1ps)

=== rtl_1_2_31_0.log ===
RESULT 1 2 31 0 512 512 0 514 2 2 1024 0 0 510 0 4 515 1
tb/tb.sv:97: $finish called at 5165000 (1ps)

=== rtl_1_2_31_1.log ===
RESULT 1 2 31 1 512 512 0 838 2 7 1346 124 173 400 0 28 839 8
tb/tb.sv:97: $finish called at 8405000 (1ps)

=== rtl_1_2_31_2.log ===
RESULT 1 2 31 2 512 510 2 845 2 10 1347 136 184 402 1 31 846 23
tb/tb.sv:97: $finish called at 8475000 (1ps)

=== rtl_1_2_7_0.log ===
RESULT 1 2 7 0 512 512 0 514 2 2 1024 0 0 510 0 4 515 1
tb/tb.sv:97: $finish called at 5165000 (1ps)

=== rtl_1_2_7_1.log ===
RESULT 1 2 7 1 512 512 0 840 2 7 1346 124 173 400 0 30 841 8
tb/tb.sv:97: $finish called at 8425000 (1ps)

=== rtl_1_2_7_2.log ===
RESULT 1 2 7 2 512 510 2 850 2 10 1346 134 186 401 1 31 851 22
tb/tb.sv:97: $finish called at 8525000 (1ps)

=== rtl_32_1_101_0.log ===
RESULT 32 1 101 0 512 512 0 513 1 1 512 0 0 511 0 3 514 1
tb/tb.sv:97: $finish called at 5155000 (1ps)

=== rtl_32_1_101_1.log ===
RESULT 32 1 101 1 512 512 0 848 1 5 678 141 166 410 0 26 849 9
tb/tb.sv:97: $finish called at 8505000 (1ps)

=== rtl_32_1_101_2.log ===
RESULT 32 1 101 2 512 511 1 873 1 8 686 157 185 406 1 31 874 22
tb/tb.sv:97: $finish called at 8755000 (1ps)

=== rtl_32_1_31_0.log ===
RESULT 32 1 31 0 512 512 0 513 1 1 512 0 0 511 0 3 514 1
tb/tb.sv:97: $finish called at 5155000 (1ps)

=== rtl_32_1_31_1.log ===
RESULT 32 1 31 1 512 512 0 845 1 5 670 134 158 405 0 27 846 8
tb/tb.sv:97: $finish called at 8475000 (1ps)

=== rtl_32_1_31_2.log ===
RESULT 32 1 31 2 512 511 1 859 1 10 676 152 175 405 1 31 860 24
tb/tb.sv:97: $finish called at 8615000 (1ps)

=== rtl_32_1_7_0.log ===
RESULT 32 1 7 0 512 512 0 513 1 1 512 0 0 511 0 3 514 1
tb/tb.sv:97: $finish called at 5155000 (1ps)

=== rtl_32_1_7_1.log ===
RESULT 32 1 7 1 512 512 0 847 1 5 670 134 158 405 0 29 848 8
tb/tb.sv:97: $finish called at 8495000 (1ps)

=== rtl_32_1_7_2.log ===
RESULT 32 1 7 2 512 511 1 861 1 9 675 148 174 405 1 31 862 22
tb/tb.sv:97: $finish called at 8635000 (1ps)

=== rtl_32_2_101_0.log ===
RESULT 32 2 101 0 512 512 0 514 2 2 1024 0 0 510 0 4 515 1
tb/tb.sv:97: $finish called at 5165000 (1ps)

=== rtl_32_2_101_1.log ===
RESULT 32 2 101 1 512 512 0 835 2 8 1365 130 185 402 0 27 836 9
tb/tb.sv:97: $finish called at 8375000 (1ps)

=== rtl_32_2_101_2.log ===
RESULT 32 2 101 2 512 510 2 858 2 8 1367 142 199 396 1 31 859 22
tb/tb.sv:97: $finish called at 8605000 (1ps)

=== rtl_32_2_31_0.log ===
RESULT 32 2 31 0 512 512 0 514 2 2 1024 0 0 510 0 4 515 1
tb/tb.sv:97: $finish called at 5165000 (1ps)

=== rtl_32_2_31_1.log ===
RESULT 32 2 31 1 512 512 0 838 2 7 1346 124 173 400 0 28 839 8
tb/tb.sv:97: $finish called at 8405000 (1ps)

=== rtl_32_2_31_2.log ===
RESULT 32 2 31 2 512 510 2 845 2 10 1347 136 184 402 1 31 846 23
tb/tb.sv:97: $finish called at 8475000 (1ps)

=== rtl_32_2_7_0.log ===
RESULT 32 2 7 0 512 512 0 514 2 2 1024 0 0 510 0 4 515 1
tb/tb.sv:97: $finish called at 5165000 (1ps)

=== rtl_32_2_7_1.log ===
RESULT 32 2 7 1 512 512 0 840 2 7 1346 124 173 400 0 30 841 8
tb/tb.sv:97: $finish called at 8425000 (1ps)

=== rtl_32_2_7_2.log ===
RESULT 32 2 7 2 512 510 2 850 2 10 1346 134 186 401 1 31 851 22
tb/tb.sv:97: $finish called at 8525000 (1ps)

=== rtl_8_1_101_0.log ===
RESULT 8 1 101 0 512 512 0 513 1 1 512 0 0 511 0 3 514 1
tb/tb.sv:97: $finish called at 5155000 (1ps)

=== rtl_8_1_101_1.log ===
RESULT 8 1 101 1 512 512 0 848 1 5 678 141 166 410 0 26 849 9
tb/tb.sv:97: $finish called at 8505000 (1ps)

=== rtl_8_1_101_2.log ===
RESULT 8 1 101 2 512 511 1 873 1 8 686 157 185 406 1 31 874 22
tb/tb.sv:97: $finish called at 8755000 (1ps)

=== rtl_8_1_31_0.log ===
RESULT 8 1 31 0 512 512 0 513 1 1 512 0 0 511 0 3 514 1
tb/tb.sv:97: $finish called at 5155000 (1ps)

=== rtl_8_1_31_1.log ===
RESULT 8 1 31 1 512 512 0 845 1 5 670 134 158 405 0 27 846 8
tb/tb.sv:97: $finish called at 8475000 (1ps)

=== rtl_8_1_31_2.log ===
RESULT 8 1 31 2 512 511 1 859 1 10 676 152 175 405 1 31 860 24
tb/tb.sv:97: $finish called at 8615000 (1ps)

=== rtl_8_1_7_0.log ===
RESULT 8 1 7 0 512 512 0 513 1 1 512 0 0 511 0 3 514 1
tb/tb.sv:97: $finish called at 5155000 (1ps)

=== rtl_8_1_7_1.log ===
RESULT 8 1 7 1 512 512 0 847 1 5 670 134 158 405 0 29 848 8
tb/tb.sv:97: $finish called at 8495000 (1ps)

=== rtl_8_1_7_2.log ===
RESULT 8 1 7 2 512 511 1 861 1 9 675 148 174 405 1 31 862 22
tb/tb.sv:97: $finish called at 8635000 (1ps)

=== rtl_8_2_101_0.log ===
RESULT 8 2 101 0 512 512 0 514 2 2 1024 0 0 510 0 4 515 1
tb/tb.sv:97: $finish called at 5165000 (1ps)

=== rtl_8_2_101_1.log ===
RESULT 8 2 101 1 512 512 0 835 2 8 1365 130 185 402 0 27 836 9
tb/tb.sv:97: $finish called at 8375000 (1ps)

=== rtl_8_2_101_2.log ===
RESULT 8 2 101 2 512 510 2 858 2 8 1367 142 199 396 1 31 859 22
tb/tb.sv:97: $finish called at 8605000 (1ps)

=== rtl_8_2_31_0.log ===
RESULT 8 2 31 0 512 512 0 514 2 2 1024 0 0 510 0 4 515 1
tb/tb.sv:97: $finish called at 5165000 (1ps)

=== rtl_8_2_31_1.log ===
RESULT 8 2 31 1 512 512 0 838 2 7 1346 124 173 400 0 28 839 8
tb/tb.sv:97: $finish called at 8405000 (1ps)

=== rtl_8_2_31_2.log ===
RESULT 8 2 31 2 512 510 2 845 2 10 1347 136 184 402 1 31 846 23
tb/tb.sv:97: $finish called at 8475000 (1ps)

=== rtl_8_2_7_0.log ===
RESULT 8 2 7 0 512 512 0 514 2 2 1024 0 0 510 0 4 515 1
tb/tb.sv:97: $finish called at 5165000 (1ps)

=== rtl_8_2_7_1.log ===
RESULT 8 2 7 1 512 512 0 840 2 7 1346 124 173 400 0 30 841 8
tb/tb.sv:97: $finish called at 8425000 (1ps)

=== rtl_8_2_7_2.log ===
RESULT 8 2 7 2 512 510 2 850 2 10 1346 134 186 401 1 31 851 22
tb/tb.sv:97: $finish called at 8525000 (1ps)

=== gate_16_1_0.log ===
RESULT 16 1 31 0 512 512 0 513 1 1 512 0 0 511 0 3 514 1
tb/tb.sv:97: $finish called at 5155000 (1ps)

=== gate_16_1_1.log ===
RESULT 16 1 31 1 512 512 0 845 1 5 670 134 158 405 0 27 846 8
tb/tb.sv:97: $finish called at 8475000 (1ps)

=== gate_16_1_2.log ===
RESULT 16 1 31 2 512 511 1 859 1 10 676 152 175 405 1 31 860 24
tb/tb.sv:97: $finish called at 8615000 (1ps)

=== gate_16_2_0.log ===
RESULT 16 2 31 0 512 512 0 514 2 2 1024 0 0 510 0 4 515 1
tb/tb.sv:97: $finish called at 5165000 (1ps)

=== gate_16_2_1.log ===
RESULT 16 2 31 1 512 512 0 838 2 7 1346 124 173 400 0 28 839 8
tb/tb.sv:97: $finish called at 8405000 (1ps)

=== gate_16_2_2.log ===
RESULT 16 2 31 2 512 510 2 845 2 10 1347 136 184 402 1 31 846 23
tb/tb.sv:97: $finish called at 8475000 (1ps)

=== gate_1_1_0.log ===
RESULT 1 1 31 0 512 512 0 513 1 1 512 0 0 511 0 3 514 1
tb/tb.sv:97: $finish called at 5155000 (1ps)

=== gate_1_1_1.log ===
RESULT 1 1 31 1 512 512 0 845 1 5 670 134 158 405 0 27 846 8
tb/tb.sv:97: $finish called at 8475000 (1ps)

=== gate_1_1_2.log ===
RESULT 1 1 31 2 512 511 1 859 1 10 676 152 175 405 1 31 860 24
tb/tb.sv:97: $finish called at 8615000 (1ps)

=== gate_1_2_0.log ===
RESULT 1 2 31 0 512 512 0 514 2 2 1024 0 0 510 0 4 515 1
tb/tb.sv:97: $finish called at 5165000 (1ps)

=== gate_1_2_1.log ===
RESULT 1 2 31 1 512 512 0 838 2 7 1346 124 173 400 0 28 839 8
tb/tb.sv:97: $finish called at 8405000 (1ps)

=== gate_1_2_2.log ===
RESULT 1 2 31 2 512 510 2 845 2 10 1347 136 184 402 1 31 846 23
tb/tb.sv:97: $finish called at 8475000 (1ps)

=== gate_32_1_0.log ===
RESULT 32 1 31 0 512 512 0 513 1 1 512 0 0 511 0 3 514 1
tb/tb.sv:97: $finish called at 5155000 (1ps)

=== gate_32_1_1.log ===
RESULT 32 1 31 1 512 512 0 845 1 5 670 134 158 405 0 27 846 8
tb/tb.sv:97: $finish called at 8475000 (1ps)

=== gate_32_1_2.log ===
RESULT 32 1 31 2 512 511 1 859 1 10 676 152 175 405 1 31 860 24
tb/tb.sv:97: $finish called at 8615000 (1ps)

=== gate_32_2_0.log ===
RESULT 32 2 31 0 512 512 0 514 2 2 1024 0 0 510 0 4 515 1
tb/tb.sv:97: $finish called at 5165000 (1ps)

=== gate_32_2_1.log ===
RESULT 32 2 31 1 512 512 0 838 2 7 1346 124 173 400 0 28 839 8
tb/tb.sv:97: $finish called at 8405000 (1ps)

=== gate_32_2_2.log ===
RESULT 32 2 31 2 512 510 2 845 2 10 1347 136 184 402 1 31 846 23
tb/tb.sv:97: $finish called at 8475000 (1ps)

=== gate_8_1_0.log ===
RESULT 8 1 31 0 512 512 0 513 1 1 512 0 0 511 0 3 514 1
tb/tb.sv:97: $finish called at 5155000 (1ps)

=== gate_8_1_1.log ===
RESULT 8 1 31 1 512 512 0 845 1 5 670 134 158 405 0 27 846 8
tb/tb.sv:97: $finish called at 8475000 (1ps)

=== gate_8_1_2.log ===
RESULT 8 1 31 2 512 511 1 859 1 10 676 152 175 405 1 31 860 24
tb/tb.sv:97: $finish called at 8615000 (1ps)

=== gate_8_2_0.log ===
RESULT 8 2 31 0 512 512 0 514 2 2 1024 0 0 510 0 4 515 1
tb/tb.sv:97: $finish called at 5165000 (1ps)

=== gate_8_2_1.log ===
RESULT 8 2 31 1 512 512 0 838 2 7 1346 124 173 400 0 28 839 8
tb/tb.sv:97: $finish called at 8405000 (1ps)

=== gate_8_2_2.log ===
RESULT 8 2 31 2 512 510 2 845 2 10 1347 136 184 402 1 31 846 23
tb/tb.sv:97: $finish called at 8475000 (1ps)
